// Jest Snapshot v1, https://goo.gl/fbAQLP

exports[`Loader component Loader component initial render correctly component 1`] = `
<styled.div>
  <div />
  <div />
  <div />
  <div />
  <div />
  <div />
  <div />
  <div />
  <div />
  <div />
  <div />
  <div />
</styled.div>
`;
